Reusing configuration cache.
> Task :app:checkKotlinGradlePluginConfigurationErrors SKIPPED
> Task :app:preBuild UP-TO-DATE
> Task :app:preDebugBuild UP-TO-DATE
> Task :app:generateDebugResValues UP-TO-DATE
> Task :app:createDebugCompatibleScreenManifests UP-TO-DATE
> Task :app:processDebugGoogleServices UP-TO-DATE
> Task :app:generateDebugResources UP-TO-DATE
> Task :app:mapDebugSourceSetPaths UP-TO-DATE
> Task :app:extractDeepLinksDebug UP-TO-DATE
> Task :app:processDebugNavigationResources UP-TO-DATE
> Task :app:packageDebugResources UP-TO-DATE
> Task :app:checkDebugAarMetadata UP-TO-DATE
> Task :app:compileDebugNavigationResources UP-TO-DATE
> Task :app:parseDebugLocalResources UP-TO-DATE
> Task :app:mergeDebugResources UP-TO-DATE
> Task :app:processDebugMainManifest UP-TO-DATE
> Task :app:processDebugManifest UP-TO-DATE
> Task :app:processDebugManifestForPackage UP-TO-DATE
> Task :app:processDebugResources UP-TO-DATE

> Task :app:compileDebugKotlin FAILED
./gradlew : e: file:///C:/
Apps/Physio_App/Android/ap
p/src/main/java/com/srcard
iocare/ui/screens/patient/
PatientHomeScreen.kt:74:23
 Unresolved reference 
'launch'.
At line:1 char:1
+ ./gradlew 
app:compileDebugKotlin 
2>&1 > c:\Apps\Physio_App\
build_outp ...
+ ~~~~~~~~~~~~~~~~~~~~~~~~
~~~~~~~~~~~~~~~~~~~~~~~~~~
~~~~~~~~~~~~~~~~~~~
    + CategoryInfo        
      : NotSpecified: (e  
  : file:///C:/A...renc   
 e 'launch'.:String) [    
], RemoteException
    + FullyQualifiedError 
   Id : NativeCommandErr  
  or
 
e: file:///C:/Apps/Physio_
App/Android/app/src/main/j
ava/com/srcardiocare/ui/sc
reens/patient/PatientHomeS
creen.kt:77:56 Suspend 
function 'suspend fun 
fetchUser(uid: String): 
Map<String, Any?>' can 
only be called from a 
coroutine or another 
suspend function.
e: file:///C:/Apps/Physio_
App/Android/app/src/main/j
ava/com/srcardiocare/ui/sc
reens/patient/PatientHomeS
creen.kt:80:41 Suspend 
function 'suspend fun 
updateLastSeen(): Unit' 
can only be called from a 
coroutine or another 
suspend function.
e: file:///C:/Apps/Physio_
App/Android/app/src/main/j
ava/com/srcardiocare/ui/sc
reens/patient/PatientHomeS
creen.kt:82:53 Suspend 
function 'suspend fun 
fetchPlans(patientId: 
String): 
List<Pair<String, 
Map<String, Any?>>>' can 
only be called from a 
coroutine or another 
suspend function.
e: file:///C:/Apps/Physio_
App/Android/app/src/main/j
ava/com/srcardiocare/ui/sc
reens/patient/PatientHomeS
creen.kt:128:66 Suspend 
function 'suspend fun 
fetchWorkouts(patientId: 
String): 
List<Pair<String, 
Map<String, Any?>>>' can 
only be called from a 
coroutine or another 
suspend function.
e: file:///C:/Apps/Physio_
App/Android/app/src/main/j
ava/com/srcardiocare/ui/sc
reens/patient/PatientHomeS
creen.kt:154:53 Suspend 
function 'suspend fun ensu
reDailyWorkoutRiskNotifica
tion(userId: String, 
title: String, body: 
String): Boolean' can 
only be called from a 
coroutine or another 
suspend function.

FAILURE: Build failed 
with an exception.

* What went wrong:
Execution failed for task 
':app:compileDebugKotlin'.
> A failure occurred 
while executing org.jetbra
ins.kotlin.compilerRunner.
GradleCompilerRunnerWithWo
rkers$GradleKotlinCompiler
WorkAction
   > Compilation error. 
See log for more details

* Try:
> Run with --stacktrace 
option to get the stack 
trace.
> Run with --info or 
--debug option to get 
more log output.
> Run with --scan to get 
full insights from a 
Build Scan (powered by 
Develocity).
> Get more help at 
https://help.gradle.org.

BUILD FAILED in 2s
17 actionable tasks: 1 executed, 16 up-to-date
Configuration cache entry reused.
